/Users/benkan45d6/Library/Python/3.9/lib/python/site-packages/urllib3/__init__.py:35: NotOpenSSLWarning: urllib3 v2 only supports OpenSSL 1.1.1+, currently the 'ssl' module is compiled with 'LibreSSL 2.8.3'. See: https://github.com/urllib3/urllib3/issues/3020
  warnings.warn(
Saving HTML to: /Users/benkan45d6/GitHub/Intro-To-DataScience/working/web
WARN: uc.Chrome(options=...) failed (Binary Location Must be a String); trying bare uc.Chrome().
WARN: uc.Chrome() failed (Binary Location Must be a String); using stock Chrome.
Chrome: visible window (default). Use --headless to hide it.
[1/30] google '集眾菜館'
  wrote /Users/benkan45d6/GitHub/Intro-To-DataScience/working/web/集眾菜館.html (1171310 bytes)
[2/30] google 'Milu Thai มิลู่ไทย (亞士厘道)'
  wrote /Users/benkan45d6/GitHub/Intro-To-DataScience/working/web/Milu Thai มิลู่ไทย (亞士厘道).html (1206827 bytes)
[3/30] google 'UURO (銅鑼灣廣場二期)'
  wrote /Users/benkan45d6/GitHub/Intro-To-DataScience/working/web/UURO (銅鑼灣廣場二期).html (1248978 bytes)
[4/30] google 'Tamarind'
  wrote /Users/benkan45d6/GitHub/Intro-To-DataScience/working/web/Tamarind.html (1148803 bytes)
[5/30] google '嚴湧帛'
  wrote /Users/benkan45d6/GitHub/Intro-To-DataScience/working/web/嚴湧帛.html (897171 bytes)
[6/30] google 'Vincenzo Capuano'
  wrote /Users/benkan45d6/GitHub/Intro-To-DataScience/working/web/Vincenzo Capuano.html (885064 bytes)
[7/30] google 'Milu Thai มิลู่ไทย (百樂中心)'
  wrote /Users/benkan45d6/GitHub/Intro-To-DataScience/working/web/Milu Thai มิลู่ไทย (百樂中心).html (1414594 bytes)
[8/30] google '寧記'
  wrote /Users/benkan45d6/GitHub/Intro-To-DataScience/working/web/寧記.html (1262166 bytes)
[9/30] google 'Dieci'
  wrote /Users/benkan45d6/GitHub/Intro-To-DataScience/working/web/Dieci.html (1163398 bytes)
[10/30] google '尚御潮滷居'
  wrote /Users/benkan45d6/GitHub/Intro-To-DataScience/working/web/尚御潮滷居.html (1129005 bytes)
[11/30] google '美人漁海鮮火鍋放題'
  wrote /Users/benkan45d6/GitHub/Intro-To-DataScience/working/web/美人漁海鮮火鍋放題.html (1173610 bytes)
[12/30] google '食知味米線'
  wrote /Users/benkan45d6/GitHub/Intro-To-DataScience/working/web/食知味米線.html (1162121 bytes)
[13/30] google 'LPM Restaurant & Bar'
  wrote /Users/benkan45d6/GitHub/Intro-To-DataScience/working/web/LPM Restaurant _ Bar.html (1635078 bytes)
[14/30] google 'Amalgamate'
  wrote /Users/benkan45d6/GitHub/Intro-To-DataScience/working/web/Amalgamate.html (1174561 bytes)
[15/30] google '壽喜・關西'
  wrote /Users/benkan45d6/GitHub/Intro-To-DataScience/working/web/壽喜・關西.html (1188937 bytes)
[16/30] google 'Double Black'
  wrote /Users/benkan45d6/GitHub/Intro-To-DataScience/working/web/Double Black.html (1587507 bytes)
[17/30] google '米真鮮 (通菜街)'
  wrote /Users/benkan45d6/GitHub/Intro-To-DataScience/working/web/米真鮮 (通菜街).html (1117780 bytes)
[18/30] google '合點壽司'
  wrote /Users/benkan45d6/GitHub/Intro-To-DataScience/working/web/合點壽司.html (1203051 bytes)
[19/30] google '美滋鍋 (家樂坊)'
  wrote /Users/benkan45d6/GitHub/Intro-To-DataScience/working/web/美滋鍋 (家樂坊).html (1389770 bytes)
[20/30] google 'Daap'
  wrote /Users/benkan45d6/GitHub/Intro-To-DataScience/working/web/Daap.html (1156129 bytes)
[21/30] google '肉屋扒房'
  wrote /Users/benkan45d6/GitHub/Intro-To-DataScience/working/web/肉屋扒房.html (908677 bytes)
[22/30] google 'LucAle'
  wrote /Users/benkan45d6/GitHub/Intro-To-DataScience/working/web/LucAle.html (1358475 bytes)
[23/30] google '狐狸食堂'
  wrote /Users/benkan45d6/GitHub/Intro-To-DataScience/working/web/狐狸食堂.html (911682 bytes)
[24/30] google 'LOLA MARÍA'
  wrote /Users/benkan45d6/GitHub/Intro-To-DataScience/working/web/LOLA MARÍA.html (1201743 bytes)
[25/30] google 'GOLDEN GIP'
  wrote /Users/benkan45d6/GitHub/Intro-To-DataScience/working/web/GOLDEN GIP.html (965990 bytes)
[26/30] google '米青蛋包飯公司'
  wrote /Users/benkan45d6/GitHub/Intro-To-DataScience/working/web/米青蛋包飯公司.html (1176389 bytes)
[27/30] google '囍八方 (差館上街)'
  wrote /Users/benkan45d6/GitHub/Intro-To-DataScience/working/web/囍八方 (差館上街).html (1110197 bytes)
[28/30] google '迷你毛'
  wrote /Users/benkan45d6/GitHub/Intro-To-DataScience/working/web/迷你毛.html (1440120 bytes)
[29/30] google 'Uncle Quek'
  wrote /Users/benkan45d6/GitHub/Intro-To-DataScience/working/web/Uncle Quek.html (1107988 bytes)
[30/30] google '有團火叉燒事務所'
  wrote /Users/benkan45d6/GitHub/Intro-To-DataScience/working/web/有團火叉燒事務所.html (1223874 bytes)
